// Jest Snapshot v1, https://goo.gl/fbAQLP

exports[`Should render Tabs component 1`] = `
Array [
  <li
    className="movie-nav__item movie-nav__item--active"
  >
    <a
      className="movie-nav__link"
      href="#"
    >
      Overview
    </a>
  </li>,
  <li
    className="movie-nav__item "
  >
    <a
      className="movie-nav__link"
      href="#"
    >
      Details
    </a>
  </li>,
  <li
    className="movie-nav__item "
  >
    <a
      className="movie-nav__link"
      href="#"
    >
      Reviews
    </a>
  </li>,
]
`;
