// Jest Snapshot v1, https://goo.gl/fbAQLP

exports[`Should render MovieCard component 1`] = `
<article
  className="small-movie-card catalog__movies-card"
  onMouseEnter={[Function]}
  onMouseLeave={[Function]}
>
  <div
    className="small-movie-card__image"
    onClick={[Function]}
  >
    <video
      autoPlay={true}
      height="175"
      muted={true}
      onClick={[Function]}
      width="100%"
    >
      <source
        src="https://url.com/preview/video.mp4"
      />
    </video>
  </div>
  <h3
    className="small-movie-card__title"
    onClick={[Function]}
  >
    <a
      className="small-movie-card__link"
      href="movie-page.html"
    >
      Movie Title
    </a>
  </h3>
</article>
`;
